exports["chai-snapshot-matcher - matchSapshot - use matchSnapshot to expect numbers"] = 1;

exports["chai-snapshot-matcher - matchSapshot - use matchSnapshot to expect booleans"] = true;

exports["chai-snapshot-matcher - matchSapshot - use matchSnapshot to expect strings"] = "Hello World!";

exports["chai-snapshot-matcher - matchSapshot - use matchSnapshot to expect arrays"] = [
	1,
	"two",
	"3"
];

exports["chai-snapshot-matcher - matchSapshot - use matchSnapshot to expect objects"] = {
	"a": {
		"b": 1,
		"c": 2
	},
	"d": 3
};

exports["chai-snapshot-matcher - matchSapshot - use the hint attribute to customize the snapshot title (go check the __snapshots__ folder)"] = "custom name";

exports["chai-snapshot-matcher - matchSapshot - use the hint attribute to have more than one matchSnapshot per it (value)"] = 10;

exports["chai-snapshot-matcher - matchSapshot - use the hint attribute to have more than one matchSnapshot per it (type)"] = "number";

exports["chai-snapshot-matcher - matchSapshot - stores multiline snapshots"] = "this string\nspans across\nmultiple lines";

